Academy editorial structure valid (not visual acceptance)
  s01-01 11.02s 歡迎回到父子科技學院，我是陳犀牛，今天是
  s01-02  6.63s 你交代給 AI 的話，叫做提示詞；說得太
  s01-03  7.49s 今天我們用四個格子，把一句模糊的話，一輪
scene 01: 25.18s
  s02-01  7.20s 寫提示詞有三個步驟。第一步是寫，把你要它
  s02-02  5.00s 第二步是試，看看它照著你的話，做出了什麼
  s02-03  8.52s 第三步是改，哪裡不對，就補上一句再試一次
scene 02: 20.76s
  s03-01  7.47s 提示詞，就是你交代給生成式 AI 的話，
  s03-02  5.28s 它不會讀心，你沒寫出來的，它就只能自己猜
  s03-03  9.84s 提示詞寫得清楚，通常比較容易得到你要的東
scene 03: 22.63s
  s04-01 10.35s 好的提示詞可以分成四個格子。第一格是任務
  s04-02 11.69s 第三格是限制，例如最多幾句話、不要用太難
  s04-03  8.00s 這四個格子是我們這堂課自己整理的記法，各
scene 04: 30.07s
  s05-01 10.37s 來看一個例子。如果你只寫五個字：介紹機器
  s05-02  7.18s 結果可能是一大篇很難的文章，也可能只有短
  s05-03  7.61s 所以接下來，我們要一格一格補上去，每補一
scene 05: 25.20s
  s06-01  8.55s 第一輪加上任務：請寫一張科普卡，告訴我機
  s06-02  9.15s 第二輪加上背景：這張卡片是給國小三年級的
  s06-03 12.17s 第三輪加上限制和格式：只要三個小知識，每
scene 06: 29.90s
  s07-01 10.06s 現在來玩角色扮演。你負責寫提示詞，爸爸扮
  s07-02  9.24s 機器人有三條守則：只做提示詞寫到的事；沒
  s07-03  7.11s 這樣玩，完全不需要用到 AI，你也能看出
scene 07: 26.45s
  s08-01 13.08s 寫提示詞之前，有三件事要注意。第一，不要
  s08-02  7.52s 第二，提示詞寫得再好，答案還是可能出錯，
  s08-03  8.88s 第三，這些工具都有年齡限制，真的要試的時
scene 08: 29.52s
  s09-01 10.32s 活動分成兩個回合。第一回合，你寫提示詞，
  s09-02  7.37s 第二回合，把四輪的答案排在一起比一比，說
  s09-03  8.19s 如果想試試真正的 AI，請爸爸用他的帳號
scene 09: 25.92s
  s10-01 10.44s 下半場換你設計自己的提示詞四格卡。換一個
  s10-02  8.02s 再加一格你自己的規則，例如指定語氣、請它
  s10-03  9.60s 還要寫下一條使用約定：作業如果用了 AI
scene 10: 28.10s
  s11-01  9.34s 兩小時的課這樣走：開場十分鐘，認識四個格
  s11-02  9.12s 休息之後，用三十分鐘完成自己的四格卡，再
  s11-03  8.19s 最後五分鐘錄音總結，替四格卡取名字，存檔
scene 11: 26.69s
  retry 1 (NoAudioReceived: No audio was received. Please verify that your parameters are correct.): 最後一關，請不看稿，讓爸爸出一句...
  s12-01  7.73s 最後一關，請不看稿，讓爸爸出一句模糊的話
  s12-02  7.37s 再指出一個限制或安全注意事項，例如提示詞
  s12-03 10.28s 今天的作品是提示詞四格卡，下次我們要來抓
scene 12: 25.42s
Synthesized 12 scenes (315.84s).
Academy editorial structure valid (not visual acceptance)
  s01-01 11.02s 歡迎回到父子科技學院，我是陳犀牛，今天是
  s01-02  7.83s 你打字告訴 AI，要它做什麼，這些話就叫
  s01-03  7.49s 今天我們用四個格子，把一句模糊的話，一輪
scene 01: 26.38s
  s02-01  7.20s 寫提示詞有三個步驟。第一步是寫，把你要它
  s02-02  5.00s 第二步是試，看看它照著你的話，做出了什麼
  s02-03  8.52s 第三步是改，哪裡不對，就補上一句再試一次
scene 02: 20.76s
  s03-01 10.66s 這堂課說的 AI，是會寫字、會畫圖的生成
  s03-02  5.28s 它不會讀心，你沒寫出來的，它就只能自己猜
  s03-03  9.84s 提示詞寫得清楚，通常比較容易得到你要的東
scene 03: 25.82s
  s04-01 10.35s 好的提示詞可以分成四個格子。第一格是任務
  s04-02 11.69s 第三格是限制，例如最多幾句話、不要用太難
  s04-03  8.14s 這四個格子是我們這堂課自己的整理方式，各
scene 04: 30.22s
  s05-01 10.37s 來看一個例子。如果你只寫五個字：介紹機器
  s05-02  7.18s 結果可能是一大篇很難的文章，也可能只有短
  s05-03  7.61s 所以接下來，我們要一格一格補上去，每補一
scene 05: 25.20s
  s06-01  8.55s 第一輪加上任務：請寫一張科普卡，告訴我機
  s06-02  9.15s 第二輪加上背景：這張卡片是給國小三年級的
  s06-03 12.17s 第三輪加上限制和格式：只要三個小知識，每
scene 06: 29.90s
  s07-01 10.06s 現在來玩角色扮演。你負責寫提示詞，爸爸扮
  s07-02  9.24s 機器人有三條守則：只做提示詞寫到的事；沒
  s07-03  7.11s 這樣玩，完全不需要用到 AI，你也能看出
scene 07: 26.45s
  s08-01 13.08s 寫提示詞之前，有三件事要注意。第一，不要
  s08-02  7.52s 第二，提示詞寫得再好，答案還是可能出錯，
  s08-03  8.88s 第三，這些工具都有年齡限制，真的要試的時
scene 08: 29.52s
  s09-01 10.32s 活動分成兩個回合。第一回合，你寫提示詞，
  s09-02  7.37s 第二回合，把四輪的答案排在一起比一比，說
  s09-03  8.19s 如果想試試真正的 AI，請爸爸用他的帳號
scene 09: 25.92s
  s10-01 10.44s 下半場換你設計自己的提示詞四格卡。換一個
  s10-02  8.02s 再加一格你自己的規則，例如指定語氣、請它
  s10-03  9.60s 還要寫下一條使用約定：作業如果用了 AI
scene 10: 28.10s
  s11-01  9.34s 兩小時的課這樣走：開場十分鐘，認識四個格
  s11-02  9.12s 休息之後，用三十分鐘完成自己的四格卡，再
  s11-03  8.19s 最後五分鐘錄音總結，替四格卡取名字，存檔
scene 11: 26.69s
  s12-01  7.73s 最後一關，請不看稿，讓爸爸出一句模糊的話
  s12-02  7.37s 再指出一個限制或安全注意事項，例如提示詞
  s12-03 10.73s 今天的作品是提示詞四格卡，下次我們要舉辦
scene 12: 25.87s
Synthesized 12 scenes (320.83s).
