Academy editorial structure valid (not visual acceptance)
  s01-01 10.56s 歡迎回到父子科技學院，我是陳犀牛，今天是
  s01-02  9.03s 今天我們來當網路偵探，查清楚一件事：螢幕
  s01-03  9.20s 我們會用信封、地址卡和路由站來扮演網路，
scene 01: 28.82s
  s02-01 10.40s 網際網路是許多網路互相連接而成的大網路，
  s02-02  9.75s 圖片不是整張一次送過來的，資料會分成許多
  s02-03  9.99s 所以今天的案件有三個線索：誰送出要求、誰
scene 02: 30.17s
  s03-01 10.49s 要把封包送對地方，網路需要位址；連上網路
  s03-02  9.94s 每個封包都帶著來源位址和目的地位址，路由
  s03-03  8.96s 這很像信封上的收件地址，不過 IP 位址
scene 03: 29.42s
  s04-01  9.99s 接力賽有四個角色：裝置是起點也是終點，像
  s04-02 11.02s 路由器是轉運站，每次只決定下一站；DNS
  s04-03  8.33s 四個角色各有各的工作，等一下的接力賽，你
scene 04: 29.38s
  s05-01  9.03s 人比較容易記住名稱，網路卻要靠位址來送封
  s05-02 10.30s DNS 回答之後，裝置才把封包送往那個位
  s05-03  9.12s DNS 只負責查位址，不負責運送圖片；如
scene 05: 28.49s
  s06-01 10.64s 再來看封包本身，第一步是切開：圖片的資料
  s06-02  8.52s 第二步是標記：每個封包除了位址，還會帶著
  s06-03  9.68s 第三步是重組：封包到達後，裝置依照編號排
scene 06: 28.87s
  s07-01 10.54s 現在把桌面變成網路，準備信封、地址卡，還
  s07-02 10.32s 賽道上有四個點：孩子當裝置，爸爸當伺服器
  s07-03  9.65s 每個信封就是一個封包，地址卡代表 IP 
scene 07: 30.55s
  retry 1: 第一案開始，孩子先查通訊錄卡，找...
  s08-01 10.16s 第一案開始，孩子先查通訊錄卡，找到伺服器
  retry 1: 爸爸扮演伺服器，把圖片剪成六片，...
  retry 2: 爸爸扮演伺服器，把圖片剪成六片，...
  s08-02 10.23s 爸爸扮演伺服器，把圖片剪成六片，每個信封
  s08-03  9.20s 孩子收齊六個信封後，依照編號把圖片拼回來
scene 08: 29.62s
  s09-01 11.00s 第二案，路由器會分別處理每一個封包，所以
  s09-02 10.01s 第三案，封包在途中也可能遺失；爸爸悄悄抽
  s09-03 10.52s 要記得，網路本身不保證每個封包都送到，是
scene 09: 31.56s
  s10-01 11.16s 下半場換你設計，替接力賽增加一條自己的規
  s10-02  8.86s 接著畫家庭網路手繪圖，畫出家裡有哪些裝置
  s10-03 10.47s 想找線索，可以請爸爸打開系統設定，在 W
scene 10: 30.53s
  s11-01 10.95s 兩小時這樣安排：前十分鐘說明案件，十五分
  s11-02 10.54s 後半段用三十分鐘，測試自己的新規則，並完
  s11-03  9.53s 最後五分鐘錄下今天的發現，替作品命名並存
scene 11: 31.06s
  s12-01 11.72s 最後一關，請不看稿，向爸爸說明一張圖片的
  s12-02  9.29s 再指出一個限制或安全注意事項，例如信封只
  s12-03 10.52s 今天的作品是家庭網路手繪圖，下次我們要練
scene 12: 31.56s
Synthesized 12 scenes (360.02s).
exit=0
