Academy editorial structure valid (not visual acceptance)
  s01-01 10.90s 歡迎回到父子科技學院，我是陳犀牛，今天是
  s01-02  8.55s 有些訊息會假裝成你認識的公司或朋友，想騙
  retry 1 (NoAudioReceived: No audio was received. Please verify that your parameters are correct.): 今天我們要成立偵探社，學會找出假...
  retry 2 (NoAudioReceived: No audio was received. Please verify that your parameters are correct.): 今天我們要成立偵探社，學會找出假...
  retry 3 (NoAudioReceived: No audio was received. Please verify that your parameters are correct.): 今天我們要成立偵探社，學會找出假...
  s01-03  8.09s 今天我們要成立偵探社，學會找出假訊息的五
scene 01: 27.58s
  s02-01  9.41s 偵探辦案有三個步驟。第一步是停，看到奇怪
  s02-02  7.64s 第二步是看，仔細找出訊息裡的紅旗，例如語
  s02-03  8.12s 第三步是查，不用訊息裡的連結，自己打開官
scene 02: 25.20s
  retry 1 (NoAudioReceived: No audio was received. Please verify that your parameters are correct.): 釣魚訊息可能從電子郵件來，也可能...
  s03-01  8.09s 釣魚訊息可能從電子郵件來，也可能是簡訊、
  retry 1 (NoAudioReceived: No audio was received. Please verify that your parameters are correct.): 它想要的東西通常是密碼、驗證碼、...
  s03-02  9.00s 它想要的東西通常是密碼、驗證碼、帳號資料
  s03-03  7.76s 它很容易讓人上當，因為看起來很像真的，又
scene 03: 24.89s
  s04-01 10.56s 釣魚訊息常見五面紅旗。前四面是：語氣很急
  s04-02  6.20s 第五面紅旗最重要：它向你要錢、要密碼，或
  retry 1 (NoAudioReceived: No audio was received. Please verify that your parameters are correct.): 紅旗越多越可疑；不過現在的假訊息...
  s04-03  8.96s 紅旗越多越可疑；不過現在的假訊息做得很像
scene 04: 25.75s
  s05-01  7.73s 先看寄件者。訊息上顯示的寄件者名字可以造
  retry 1 (NoAudioReceived: No audio was received. Please verify that your parameters are correct.): 要把完整的電子郵件地址打開來看，...
  retry 2 (NoAudioReceived: No audio was received. Please verify that your parameters are correct.): 要把完整的電子郵件地址打開來看，...
  s05-02  9.48s 要把完整的電子郵件地址打開來看，如果名字
  retry 1 (NoAudioReceived: No audio was received. Please verify that your parameters are correct.): 還要記得，連地址都有可能被偽造，...
  s05-03  7.92s 還要記得，連地址都有可能被偽造，所以地址
scene 05: 25.18s
  s06-01  7.64s 再來看網址。連結上面寫的字，和它真正要去
  retry 1 (NoAudioReceived: No audio was received. Please verify that your parameters are correct.): 在 Mac 上，把指標停在連結上...
  s06-02  8.64s 在 Mac 上，把指標停在連結上面先不要
  s06-03  8.62s 如果不一樣，或是你看不懂，就不要點；想去
scene 06: 24.94s
  s07-01  9.51s 假訊息喜歡催你、嚇你，例如說二十四小時內
  retry 1 (NoAudioReceived: No audio was received. Please verify that your parameters are correct.): 沒有預期會收到的附件也是紅旗，不...
  retry 2 (NoAudioReceived: No audio was received. Please verify that your parameters are correct.): 沒有預期會收到的附件也是紅旗，不...
  s07-02  6.20s 沒有預期會收到的附件也是紅旗，不要打開，
  retry 1 (NoAudioReceived: No audio was received. Please verify that your parameters are correct.): 只要訊息向你要密碼、驗證碼，或是...
  retry 2 (NoAudioReceived: No audio was received. Please verify that your parameters are correct.): 只要訊息向你要密碼、驗證碼，或是...
  retry 3 (NoAudioReceived: No audio was received. Please verify that your parameters are correct.): 只要訊息向你要密碼、驗證碼，或是...
  retry 4 (NoAudioReceived: No audio was received. Please verify that your parameters are correct.): 只要訊息向你要密碼、驗證碼，或是...
  retry 5 (NoAudioReceived: No audio was received. Please verify that your parameters are correct.): 只要訊息向你要密碼、驗證碼，或是...
  s07-03  9.00s 只要訊息向你要密碼、驗證碼，或是要你付錢
scene 07: 24.74s
  retry 1 (NoAudioReceived: No audio was received. Please verify that your parameters are correct.): 發現可疑的訊息，安全動作有三個：...
  retry 2 (NoAudioReceived: No audio was received. Please verify that your parameters are correct.): 發現可疑的訊息，安全動作有三個：...
  s08-01  7.25s 發現可疑的訊息，安全動作有三個：不點連結
  retry 1 (NoAudioReceived: No audio was received. Please verify that your parameters are correct.): 想確認是不是真的，就自己打開官方...
  s08-02  7.66s 想確認是不是真的，就自己打開官方的 Ap
  retry 1 (NoAudioReceived: No audio was received. Please verify that your parameters are correct.): 如果不小心已經點了，或是輸入了密...
  retry 2 (NoAudioReceived: No audio was received. Please verify that your parameters are correct.): 如果不小心已經點了，或是輸入了密...
  retry 3 (NoAudioReceived: No audio was received. Please verify that your parameters are correct.): 如果不小心已經點了，或是輸入了密...
  s08-03  9.82s 如果不小心已經點了，或是輸入了密碼，馬上
scene 08: 24.77s
  s09-01 10.78s 現在開始辦案。桌上有八張訊息卡，有的是釣
  retry 1 (NoAudioReceived: No audio was received. Please verify that your parameters are correct.): 每一張卡都要說出你會做的安全動作...
  s09-02  7.28s 每一張卡都要說出你會做的安全動作，還要說
  s09-03  7.23s 遇到沒有紅旗的卡片也不能直接放過，要說出
scene 09: 25.32s
  s10-01 10.56s 下半場換你設計一張釣魚訊息紅旗海報，把五
  retry 1 (NoAudioReceived: No audio was received. Please verify that your parameters are correct.): 海報上還要寫出三個安全動作：不點...
  s10-02  8.88s 海報上還要寫出三個安全動作：不點、不開、
  retry 1 (NoAudioReceived: No audio was received. Please verify that your parameters are correct.): 再加一條你自己的偵探規則，例如看...
  s10-03  6.84s 再加一條你自己的偵探規則，例如看到立刻兩
scene 10: 26.33s
  retry 1 (NoAudioReceived: No audio was received. Please verify that your parameters are correct.): 兩小時的安排是這樣：開場十分鐘，...
  retry 2 (NoAudioReceived: No audio was received. Please verify that your parameters are correct.): 兩小時的安排是這樣：開場十分鐘，...
  retry 3 (NoAudioReceived: No audio was received. Please verify that your parameters are correct.): 兩小時的安排是這樣：開場十分鐘，...
  retry 4 (NoAudioReceived: No audio was received. Please verify that your parameters are correct.): 兩小時的安排是這樣：開場十分鐘，...
  retry 5 (NoAudioReceived: No audio was received. Please verify that your parameters are correct.): 兩小時的安排是這樣：開場十分鐘，...
  retry 6 (NoAudioReceived: No audio was received. Please verify that your parameters are correct.): 兩小時的安排是這樣：開場十分鐘，...
  s11-01  9.41s 兩小時的安排是這樣：開場十分鐘，認識紅旗
  retry 1 (NoAudioReceived: No audio was received. Please verify that your parameters are correct.): 休息過後，用三十分鐘畫紅旗海報、...
  retry 2 (NoAudioReceived: No audio was received. Please verify that your parameters are correct.): 休息過後，用三十分鐘畫紅旗海報、...
  retry 3 (NoAudioReceived: No audio was received. Please verify that your parameters are correct.): 休息過後，用三十分鐘畫紅旗海報、...
  retry 4 (NoAudioReceived: No audio was received. Please verify that your parameters are correct.): 休息過後，用三十分鐘畫紅旗海報、...
  retry 5 (NoAudioReceived: No audio was received. Please verify that your parameters are correct.): 休息過後，用三十分鐘畫紅旗海報、...
  retry 6 (NoAudioReceived: No audio was received. Please verify that your parameters are correct.): 休息過後，用三十分鐘畫紅旗海報、...
Academy editorial structure valid (not visual acceptance)
  s01-01 10.90s 歡迎回到父子科技學院，我是陳犀牛，今天是
  s01-02  8.55s 有些訊息會假裝成你認識的公司或朋友，想騙
  s01-03  8.09s 今天我們要成立偵探社，學會找出假訊息的五
scene 01: 27.58s
  s02-01  9.41s 偵探辦案有三個步驟。第一步是停，看到奇怪
  s02-02  7.64s 第二步是看，仔細找出訊息裡的紅旗，例如語
  s02-03  8.12s 第三步是查，不用訊息裡的連結，自己打開官
scene 02: 25.20s
  s03-01  8.09s 釣魚訊息可能從電子郵件來，也可能是簡訊、
  s03-02  9.00s 它想要的東西通常是密碼、驗證碼、帳號資料
  s03-03  7.76s 它很容易讓人上當，因為看起來很像真的，又
scene 03: 24.89s
  s04-01 10.56s 釣魚訊息常見五面紅旗。前四面是：語氣很急
  s04-02  6.20s 第五面紅旗最重要：它向你要錢、要密碼，或
  s04-03  8.96s 紅旗越多越可疑；不過現在的假訊息做得很像
scene 04: 25.75s
  s05-01  7.73s 先看寄件者。訊息上顯示的寄件者名字可以造
  s05-02  9.48s 要把完整的電子郵件地址打開來看，如果名字
  s05-03  7.92s 還要記得，連地址都有可能被偽造，所以地址
scene 05: 25.18s
  s06-01  7.64s 再來看網址。連結上面寫的字，和它真正要去
  s06-02  8.64s 在 Mac 上，把指標停在連結上面先不要
  s06-03  8.62s 如果不一樣，或是你看不懂，就不要點；想去
scene 06: 24.94s
  s07-01  9.51s 假訊息喜歡催你、嚇你，例如說二十四小時內
  s07-02  6.20s 沒有預期會收到的附件也是紅旗，不要打開，
  s07-03  9.00s 只要訊息向你要密碼、驗證碼，或是要你付錢
scene 07: 24.74s
  s08-01  7.25s 發現可疑的訊息，安全動作有三個：不點連結
  s08-02  7.66s 想確認是不是真的，就自己打開官方的 Ap
  s08-03  9.82s 如果不小心已經點了，或是輸入了密碼，馬上
scene 08: 24.77s
  s09-01 10.78s 現在開始辦案。桌上有八張訊息卡，有的是釣
  s09-02  7.28s 每一張卡都要說出你會做的安全動作，還要說
  s09-03  7.23s 遇到沒有紅旗的卡片也不能直接放過，要說出
scene 09: 25.32s
  s10-01 10.56s 下半場換你設計一張釣魚訊息紅旗海報，把五
  s10-02  8.88s 海報上還要寫出三個安全動作：不點、不開、
  s10-03  6.84s 再加一條你自己的偵探規則，例如看到立刻兩
scene 10: 26.33s
  s11-01  9.41s 兩小時的安排是這樣：開場十分鐘，認識紅旗
  s11-02  9.46s 休息過後，用三十分鐘畫紅旗海報、訂偵探規
  retry 1 (NoAudioReceived: No audio was received. Please verify that your parameters are correct.): 最後五分鐘錄音總結，替海報取名字...
  retry 2 (NoAudioReceived: No audio was received. Please verify that your parameters are correct.): 最後五分鐘錄音總結，替海報取名字...
  s11-03  7.28s 最後五分鐘錄音總結，替海報取名字並存檔，
scene 11: 26.18s
  retry 1 (NoAudioReceived: No audio was received. Please verify that your parameters are correct.): 最後一關，請不看稿，拿一張新的訊...
  s12-01  9.08s 最後一關，請不看稿，拿一張新的訊息卡，在
  retry 1 (NoAudioReceived: No audio was received. Please verify that your parameters are correct.): 再指出一個限制或安全注意事項，例...
  retry 2 (NoAudioReceived: No audio was received. Please verify that your parameters are correct.): 再指出一個限制或安全注意事項，例...
  retry 3 (NoAudioReceived: No audio was received. Please verify that your parameters are correct.): 再指出一個限制或安全注意事項，例...
  retry 4 (NoAudioReceived: No audio was received. Please verify that your parameters are correct.): 再指出一個限制或安全注意事項，例...
  s12-02  8.26s 再指出一個限制或安全注意事項，例如沒有錯
  retry 1 (NoAudioReceived: No audio was received. Please verify that your parameters are correct.): 今天的作品是釣魚訊息紅旗海報，下...
  retry 2 (NoAudioReceived: No audio was received. Please verify that your parameters are correct.): 今天的作品是釣魚訊息紅旗海報，下...
  s12-03 10.23s 今天的作品是釣魚訊息紅旗海報，下次我們要
scene 12: 27.60s
Synthesized 12 scenes (308.47s).
