Academy editorial structure valid (not visual acceptance)
  retry 1 (NoAudioReceived: No audio was received. Please verify that your parameters are correct.): 歡迎回到父子科技學院，我是陳犀牛...
  retry 2 (NoAudioReceived: No audio was received. Please verify that your parameters are correct.): 歡迎回到父子科技學院，我是陳犀牛...
  s01-01 11.67s 歡迎回到父子科技學院，我是陳犀牛，今天是
  retry 1 (NoAudioReceived: No audio was received. Please verify that your parameters are correct.): 一張照片裡，除了你想給大家看的東...
  s01-02  8.19s 一張照片裡，除了你想給大家看的東西，還可
  retry 1 (NoAudioReceived: No audio was received. Please verify that your parameters are correct.): 今天我們要玩照片尋寶，把藏起來的...
  s01-03  7.85s 今天我們要玩照片尋寶，把藏起來的資訊找出
scene 01: 27.74s
  s02-01  9.99s 發布照片之前有三個步驟。第一步是找，把照
  retry 1 (NoAudioReceived: No audio was received. Please verify that your parameters are correct.): 第二步是想，想一想誰會看到這張照...
  retry 2 (NoAudioReceived: No audio was received. Please verify that your parameters are correct.): 第二步是想，想一想誰會看到這張照...
  s02-02  7.47s 第二步是想，想一想誰會看到這張照片，還有
  s02-03  6.60s 第三步是決定：這張照片可以公開、需要先處
scene 02: 24.10s
  retry 1 (NoAudioReceived: No audio was received. Please verify that your parameters are correct.): 什麼是個資？個資就是個人資料，只...
  s03-01  9.12s 什麼是個資？個資就是個人資料，只要能讓別
  s03-02  9.20s 例如姓名、生日、身分證號碼、電話和住址；
  retry 1 (NoAudioReceived: No audio was received. Please verify that your parameters are correct.): 有些資料單獨看沒什麼，但是合在一...
  retry 2 (NoAudioReceived: No audio was received. Please verify that your parameters are correct.): 有些資料單獨看沒什麼，但是合在一...
  s03-03  9.22s 有些資料單獨看沒什麼，但是合在一起，例如
scene 03: 27.58s
  retry 1 (NoAudioReceived: No audio was received. Please verify that your parameters are correct.): 照片裡常常藏著四種資訊。第一種是...
  retry 2 (NoAudioReceived: No audio was received. Please verify that your parameters are correct.): 照片裡常常藏著四種資訊。第一種是...
  s04-01 11.84s 照片裡常常藏著四種資訊。第一種是人，包括
  retry 1 (NoAudioReceived: No audio was received. Please verify that your parameters are correct.): 第三種是文字，像是電腦螢幕、桌上...
  s04-02  6.94s 第三種是文字，像是電腦螢幕、桌上的文件，
  s04-03  6.94s 第四種用眼睛看不到，它存在照片的檔案裡，
scene 04: 25.75s
  retry 1 (NoAudioReceived: No audio was received. Please verify that your parameters are correct.): 用手機拍照的時候，如果相機開著定...
  retry 2 (NoAudioReceived: No audio was received. Please verify that your parameters are correct.): 用手機拍照的時候，如果相機開著定...
  retry 3 (NoAudioReceived: No audio was received. Please verify that your parameters are correct.): 用手機拍照的時候，如果相機開著定...
  retry 4 (NoAudioReceived: No audio was received. Please verify that your parameters are correct.): 用手機拍照的時候，如果相機開著定...
  s05-01  7.83s 用手機拍照的時候，如果相機開著定位功能，
  s05-02  7.06s 把照片分享出去的時候，這些看不見的資訊，
  retry 1 (NoAudioReceived: No audio was received. Please verify that your parameters are correct.): 分享之前可以先把位置資訊關掉；不...
  retry 2 (NoAudioReceived: No audio was received. Please verify that your parameters are correct.): 分享之前可以先把位置資訊關掉；不...
  s05-03  8.04s 分享之前可以先把位置資訊關掉；不同的手機
scene 05: 22.97s
  retry 1 (NoAudioReceived: No audio was received. Please verify that your parameters are correct.): 接著想一想公開範圍，也就是誰看得...
  s06-01  9.75s 接著想一想公開範圍，也就是誰看得到。公開
  retry 1 (NoAudioReceived: No audio was received. Please verify that your parameters are correct.): 只給朋友看，或是只留給自己，看得...
  retry 2 (NoAudioReceived: No audio was received. Please verify that your parameters are correct.): 只給朋友看，或是只留給自己，看得...
  s06-02  8.69s 只給朋友看，或是只留給自己，看得到的人就
  retry 1 (NoAudioReceived: No audio was received. Please verify that your parameters are correct.): 不過，設成不公開也不是保證，因為...
  retry 2 (NoAudioReceived: No audio was received. Please verify that your parameters are correct.): 不過，設成不公開也不是保證，因為...
  retry 3 (NoAudioReceived: No audio was received. Please verify that your parameters are correct.): 不過，設成不公開也不是保證，因為...
  retry 4 (NoAudioReceived: No audio was received. Please verify that your parameters are correct.): 不過，設成不公開也不是保證，因為...
  s06-03  7.30s 不過，設成不公開也不是保證，因為看到的人
scene 06: 25.78s
  retry 1 (NoAudioReceived: No audio was received. Please verify that your parameters are correct.): 你在網路上發布的東西，會留下紀錄...
  retry 2 (NoAudioReceived: No audio was received. Please verify that your parameters are correct.): 你在網路上發布的東西，會留下紀錄...
  s07-01  6.41s 你在網路上發布的東西，會留下紀錄，這些紀
  s07-02  7.52s 照片一旦貼出去，就很難收回來，因為別人可
  retry 1 (NoAudioReceived: No audio was received. Please verify that your parameters are correct.): 就算你之後把它刪掉，它也可能還留...
  s07-03  6.96s 就算你之後把它刪掉，它也可能還留在別的地
scene 07: 20.93s
  s08-01 11.55s 有些照片只要整理一下就可以分享。方法有三
  s08-02  6.17s 還有一件事一定要做：照片裡如果有別人，要
  retry 1 (NoAudioReceived: No audio was received. Please verify that your parameters are correct.): 只要他說不要，就不發布，這是對朋...
  retry 2 (NoAudioReceived: No audio was received. Please verify that your parameters are correct.): 只要他說不要，就不發布，這是對朋...
  s08-03  5.74s 只要他說不要，就不發布，這是對朋友和家人
scene 08: 23.50s
  retry 1 (NoAudioReceived: No audio was received. Please verify that your parameters are correct.): 現在來玩照片尋寶。教材裡有三張畫...
  retry 2 (NoAudioReceived: No audio was received. Please verify that your parameters are correct.): 現在來玩照片尋寶。教材裡有三張畫...
  retry 3 (NoAudioReceived: No audio was received. Please verify that your parameters are correct.): 現在來玩照片尋寶。教材裡有三張畫...
  s09-01 10.80s 現在來玩照片尋寶。教材裡有三張畫出來的模
  retry 1 (NoAudioReceived: No audio was received. Please verify that your parameters are correct.): 找完之後替照片分類：可以公開、需...
  retry 2 (NoAudioReceived: No audio was received. Please verify that your parameters are correct.): 找完之後替照片分類：可以公開、需...
  s09-02  7.95s 找完之後替照片分類：可以公開、需要處理，
  retry 1 (NoAudioReceived: No audio was received. Please verify that your parameters are correct.): 如果是需要處理的照片，還要說出你...
  retry 2 (NoAudioReceived: No audio was received. Please verify that your parameters are correct.): 如果是需要處理的照片，還要說出你...
  s09-03  7.73s 如果是需要處理的照片，還要說出你會怎麼處
scene 09: 26.52s
  s10-01 10.54s 下半場換你設計一張家庭發布前檢查表，把要
  s10-02  7.56s 表上一定要有一格，問過了嗎？照片裡的每一
  s10-03  7.92s 再加一條你們家自己的規則，例如穿制服的照
scene 10: 26.06s
  s11-01 10.11s 這堂課的時間這樣分配：開場十分鐘，認識個
  s11-02  9.60s 下半場用三十分鐘完成檢查表和家庭規則，然
  retry 1 (NoAudioReceived: No audio was received. Please verify that your parameters are correct.): 最後五分鐘錄音總結，替檢查表取名...
  retry 2 (NoAudioReceived: No audio was received. Please verify that your parameters are correct.): 最後五分鐘錄音總結，替檢查表取名...
  s11-03  7.54s 最後五分鐘錄音總結，替檢查表取名字並存檔
scene 11: 27.29s
  s12-01  9.20s 最後一關，請不看稿，拿一張新的照片，帶著
  s12-02  8.21s 再指出一個限制或安全注意事項，例如就算設
  s12-03  9.94s 今天的作品是家庭發布前檢查表，下次我們要
scene 12: 27.38s
Synthesized 12 scenes (305.59s).
