Academy editorial structure valid (not visual acceptance)
  s01-01 10.76s 歡迎回到父子科技學院，我是陳犀牛，今天是
  s01-02  7.28s 生成式 AI，有時候會把錯的事情說得跟真
  s01-03  6.99s 今天你要當偵探，從回答裡找出需要查證的地
scene 01: 25.06s
  s02-01  9.10s 抓錯有三個步驟。第一步是標記，把回答裡的
  s02-02  5.72s 第二步是查證，到可靠的來源去找，看看它說
  s02-03  8.86s 第三步是判定，寫下結果：正確、錯誤，或是
scene 02: 23.71s
  s03-01 10.01s 有時候，回答讀起來很通順、很有把握，內容
  retry 1 (NoAudioReceived: No audio was received. Please verify that your parameters are correct.): 會這樣，是因為它的做法是預測接下...
  retry 2 (NoAudioReceived: No audio was received. Please verify that your parameters are correct.): 會這樣，是因為它的做法是預測接下...
  s03-02  8.57s 會這樣，是因為它的做法是預測接下來最可能
  s03-03  6.41s 就算回答後面附了來源連結，也還是可能出錯
scene 03: 25.03s
  s04-01 11.09s 回答裡有四種東西最需要查。第一種是名稱，
  s04-02  8.86s 第三種是日期，哪一年、哪一天；第四種是引
  s04-03  9.72s 還有第五種要留意：說得太肯定的話，例如一
scene 04: 29.71s
  retry 1 (NoAudioReceived: No audio was received. Please verify that your parameters are correct.): 引用特別要小心，因為連書名、網址...
  s05-01  6.70s 引用特別要小心，因為連書名、網址和案例，
  s05-02 11.45s 二零二三年，美國有兩位律師請聊天機器人找
  s05-03  7.95s 所以看到引用，要自己去確認兩件事：它真的
scene 05: 26.14s
  s06-01  7.88s 怎麼查呢？第一，找原始的來源，例如官方網
  retry 1 (NoAudioReceived: No audio was received. Please verify that your parameters are correct.): 第二，再找第二個可靠的來源，看看...
  retry 2 (NoAudioReceived: No audio was received. Please verify that your parameters are correct.): 第二，再找第二個可靠的來源，看看...
  s06-02  8.48s 第二，再找第二個可靠的來源，看看兩邊說的
  s06-03  8.55s 第三，查不到，或是看不懂，就問爸爸或老師
scene 06: 24.94s
  retry 1 (NoAudioReceived: No audio was received. Please verify that your parameters are correct.): 查完之後要判定。可靠的來源也這樣...
  s07-01  9.41s 查完之後要判定。可靠的來源也這樣說，就是
  s07-02  6.10s 如果怎麼查都查不到，就寫查不到，而且先不
  s07-03  6.82s 還要記得，一個回答裡，對的和錯的可能混在
scene 07: 22.37s
  s08-01  9.05s 有三種時候特別要小心。第一，要用在作業和
  s08-02  7.25s 第二，和健康、金錢、安全有關的事，不要只
  s08-03  9.10s 第三，查證的人也會出錯，所以重要的事要找
scene 08: 25.44s
  s09-01 11.79s 現在開始抓錯賽。教材裡有三則模擬回答，是
  s09-02  8.81s 接著拿出資料卡，或是和爸爸一起上官方網站
  s09-03  9.05s 找到錯誤之後，還要說出它是哪一種：名稱、
scene 09: 29.69s
  s10-01 10.64s 下半場換你設計自己的回答查核表，欄位由你
  s10-02  6.36s 再加一條你自己的偵探規則，例如只要是數字
  s10-03  7.95s 如果爸爸願意，可以請他用自己的帳號問一題
scene 10: 24.98s
  s11-01  9.80s 兩小時的安排如下：開場十分鐘，認識幻覺和
  s11-02  9.41s 然後用三十分鐘完成自己的查核表和偵探規則
  s11-03  8.48s 最後五分鐘錄音總結，替查核表取名字、存檔
scene 11: 27.72s
  s12-01  8.31s 最後一關，請不看稿，拿一則新的回答，當場
  s12-02  7.16s 再指出一個限制或安全注意事項，例如有附來
  s12-03 10.13s 今天的作品是回答查核表，下次我們要去逛文
scene 12: 25.63s
Synthesized 12 scenes (310.42s).
Academy editorial structure valid (not visual acceptance)
  s01-01 10.76s 歡迎回到父子科技學院，我是陳犀牛，今天是
  s01-02  7.28s 生成式 AI，有時候會把錯的事情說得跟真
  s01-03  6.99s 今天你要當偵探，從回答裡找出需要查證的地
scene 01: 25.06s
  s02-01  9.10s 抓錯有三個步驟。第一步是標記，把回答裡的
  s02-02  5.69s 第二步是查證，到可靠的來源去找，看看它說
  s02-03  8.86s 第三步是判定，寫下結果：正確、錯誤，或是
scene 02: 23.69s
  s03-01 10.01s 有時候，回答讀起來很通順、很有把握，內容
  s03-02  8.57s 會這樣，是因為它的做法是預測接下來最可能
  s03-03  6.41s 就算回答後面附了來源連結，也還是可能出錯
scene 03: 25.03s
  s04-01 11.09s 回答裡有四種東西最需要查。第一種是名稱，
  s04-02  8.86s 第三種是日期，哪一年、哪一天；第四種是引
  s04-03  9.72s 還有第五種要留意：說得太肯定的話，例如一
scene 04: 29.71s
  s05-01  6.70s 引用特別要小心，因為連書名、網址和案例，
  s05-02 11.45s 二零二三年，美國有兩位律師請聊天機器人找
  s05-03  7.95s 所以看到引用，要自己去確認兩件事：它真的
scene 05: 26.14s
  s06-01  7.88s 怎麼查呢？第一，找原始的來源，例如官方網
  s06-02  8.48s 第二，再找第二個可靠的來源，看看兩邊說的
  s06-03  8.55s 第三，查不到，或是看不懂，就問爸爸或老師
scene 06: 24.94s
  s07-01  9.41s 查完之後要判定。可靠的來源也這樣說，就是
  s07-02  6.10s 如果怎麼查都查不到，就寫查不到，而且先不
  s07-03  6.82s 還要記得，一個回答裡，對的和錯的可能混在
scene 07: 22.37s
  s08-01  9.05s 有三種時候特別要小心。第一，要用在作業和
  s08-02  7.25s 第二，和健康、金錢、安全有關的事，不要只
  s08-03  9.10s 第三，查證的人也會出錯，所以重要的事要找
scene 08: 25.44s
  s09-01 11.79s 現在開始抓錯賽。教材裡有三則模擬回答，是
  s09-02  8.81s 接著拿出資料卡，或是和爸爸一起上官方網站
  s09-03  9.05s 找到錯誤之後，還要說出它是哪一種：名稱、
scene 09: 29.69s
  s10-01 10.64s 下半場換你設計自己的回答查核表，欄位由你
  s10-02  6.36s 再加一條你自己的偵探規則，例如只要是數字
  s10-03  7.95s 如果爸爸願意，可以請他用自己的帳號問一題
scene 10: 24.98s
  s11-01  9.80s 兩小時的安排如下：開場十分鐘，認識幻覺和
  s11-02  9.41s 然後用三十分鐘完成自己的查核表和偵探規則
  s11-03  8.48s 最後五分鐘錄音總結，替查核表取名字、存檔
scene 11: 27.72s
  s12-01  8.31s 最後一關，請不看稿，拿一則新的回答，當場
  s12-02  7.16s 再指出一個限制或安全注意事項，例如有附來
  s12-03 10.13s 今天的作品是回答查核表，下次我們要去逛文
scene 12: 25.63s
Synthesized 12 scenes (310.39s).
