Academy editorial structure valid (not visual acceptance)
  s01-01 10.85s 歡迎回到父子科技學院，我是陳犀牛，今天是
  s01-02  7.97s 網路上的消息真真假假，今天我們要當偵探：
  s01-03  7.78s 我們會分析五則科技消息，替每一則的可信度
scene 01: 26.64s
  s02-01 11.07s 偵探辦案有三個問題。第一問，誰說的？找出
  s02-02 10.37s 第二問，證據呢？看看有沒有可以回頭檢查的
  s02-03  9.36s 第三問，別人也這麼說嗎？離開這一頁，找找
scene 02: 30.84s
  retry 1 (NoAudioReceived: No audio was received. Please verify that your parameters are correct.): 先認識兩種來源。原始來源是第一手...
  s03-01 10.85s 先認識兩種來源。原始來源是第一手的紀錄，
  s03-02  8.64s 二手來源是別人整理或轉述的內容，例如整理
  s03-03  9.60s 二手來源很方便，但是轉述的過程可能漏掉重
scene 03: 29.14s
  s04-01 10.32s 接下來，把看到的消息分成四類：原始來源、
  s04-02 10.16s 廣告的目的，是讓你想買東西或下載程式；意
  s04-03  9.24s 同一則消息常常混著好幾類，例如一篇開箱文
scene 04: 29.76s
  s05-01  9.53s 怎麼分辨意見和可以檢查的說法？聽聽這兩句
  s05-02  9.51s 第一句是意見，每個人的答案可能不同；第二
  s05-03  9.34s 所以看到一句話，先問自己：這句話有辦法查
scene 05: 28.42s
  s06-01 11.14s 再來看廣告。廣告和廠商合作的內容，通常會
  s06-02  7.83s 接著想一想目的：這則內容是不是希望你買東
  s06-03  9.05s 不過，沒有標示不代表一定不是廣告，所以重
scene 06: 28.06s
  s07-01 10.52s 證據是可以回頭檢查的東西。好的消息會告訴
  s07-02  9.56s 還要看日期，舊消息被重新轉貼，很容易讓人
  s07-03  7.42s 要記得，很多人轉貼、很多人按讚，只代表它
scene 07: 27.53s
  s08-01  9.58s 找第二來源有個好方法：不要只停在同一頁，
  s08-02  8.60s 再找另一個彼此沒有關係的來源，比一比兩邊
  s08-03  7.78s 如果找不到第二來源，先不要急著相信或轉傳
scene 08: 25.99s
  s09-01 11.26s 現在開始偵探競速。第一回合比快：五張練習
  s09-02  9.92s 第二回合比準，不比快：替每一則消息打五項
  s09-03  8.55s 每一項零到二分，滿分十分；分數旁邊一定要
scene 09: 29.76s
  s10-01  8.86s 下半場換你當主審，自己完成來源可信度評分
  s10-02  8.19s 再加一條你自己的偵探規則，例如沒有日期就
  s10-03  8.72s 也要記下評分表的限制：分數高不保證一定是
scene 10: 25.80s
  s11-01  9.56s 這堂課兩小時：開場十分鐘，概念十五分鐘，
  s11-02  9.17s 休息回來，用三十分鐘完成評分表和自選規則
  s11-03  7.95s 最後五分鐘錄音總結，替作品取名字、存好檔
scene 11: 26.71s
  s12-01 11.21s 最後一關，請不看稿，拿一則新的消息，對爸
  s12-02  9.72s 再說出一個限制或安全注意事項，例如可疑的
  s12-03 10.35s 今天的作品是來源可信度評分表，下次我們要
scene 12: 31.32s
Synthesized 12 scenes (339.96s).
