Academy editorial structure valid (not visual acceptance)
  s01-01 10.56s 歡迎回到父子科技學院，我是陳犀牛，今天是
  s01-02  9.00s 今天我們來玩搜尋尋寶：寶藏是一個大問題的
  s01-03  8.02s 我們會練習關鍵字、引號、減號和時間條件，
scene 01: 27.62s
  s02-01  8.28s 尋寶有三步，第一步是拆問題，把一個很大的
  s02-02  7.97s 第二步是選關鍵字，挑出最重要的幾個詞，需
  s02-03  8.86s 第三步是比結果，看看這一頁是誰寫的、資料
scene 02: 25.15s
  s03-01  8.45s 先練關鍵字。把想問的事情寫成一句完整的話
  s03-02  9.92s 接著圈出二到四個最重要的詞，像是貓、抓沙
  s03-03  9.10s 如果結果不理想，就換個說法再試一次，例如
scene 03: 27.50s
  s04-01  7.44s 搜尋尋寶有四把鑰匙：關鍵字幫你說清楚要找
  s04-02  8.96s 減號可以排除不想看到的字詞，時間條件則幫
  s04-03  7.95s 今天以 Google 搜尋當例子，別的搜
scene 04: 24.38s
  s05-01 10.80s 第一把特別的鑰匙是引號。在一句話的前後加
  s05-02  8.36s 例如想知道床前明月光出自哪一首詩，把這五
  s05-03  8.50s 引號很適合找一句話的出處、歌名或錯誤訊息
scene 05: 27.70s
  s06-01 10.66s 第二把鑰匙是減號。有些字詞有兩種意思，例
  s06-02 10.59s 這時在不想要的字詞前面加上減號，寫成：蘋
  s06-03  8.64s 要注意，減號和後面的字詞要緊緊貼在一起，
scene 06: 29.93s
  s07-01 11.43s 第三把鑰匙是時間條件。有些問題需要最新的
  s07-02 10.32s 搜尋之後，點選搜尋框下方的工具，就可以依
  s07-03  9.32s 不過，看得到哪些工具，會因為搜尋內容和瀏
scene 07: 31.10s
  s08-01 12.77s 鑰匙有了，現在來拆問題。假設大問題是：颱
  s08-02 10.59s 把它拆成三個小問題：颱風警報要在哪裡看？
  s08-03  9.08s 每個小問題都要能找到一個可以檢查的答案，
scene 08: 32.47s
  s09-01 12.32s 接著做實驗，同一個大問題用三種方法搜尋。
  s09-02 10.20s 第二種是精準搜尋，輸入颱風、防災、準備、
  s09-03 11.02s 第三種是分段搜尋，三個小問題各搜一次；最
scene 09: 33.58s
  s10-01  9.77s 下半場換你設計，完成自己的搜尋策略卡，寫
  s10-02  9.27s 再替自己加一條搜尋規則，例如每個問題至少
  s10-03 10.59s 也要記下搜尋的限制：排在最前面不一定最正
scene 10: 29.66s
  s11-01 10.66s 兩小時這樣安排：前十分鐘說明任務，十五分
  s11-02 10.32s 後半段用三十分鐘，完成搜尋策略卡，並測試
  s11-03  8.76s 最後五分鐘錄下今天的發現，替作品命名並存
scene 11: 29.78s
  s12-01 10.85s 最後一關，請不看稿，選一個新的大問題，示
  s12-02 10.08s 再指出一個限制或安全注意事項，例如第一筆
  s12-03 10.23s 今天的作品是搜尋策略卡，下次我們要當來源
scene 12: 31.20s
Synthesized 12 scenes (350.09s).
exit=0
