Academy editorial structure valid (not visual acceptance)
  s01-01 11.33s 歡迎回到父子科技學院，我是陳犀牛，今天是
  s01-02  7.68s 把每一個帳號想成一座城堡，密碼就是城門的
  retry 1 (NoAudioReceived: No audio was received. Please verify that your parameters are correct.): 我們會用紙牌玩一場攻防戰，最後完...
  s01-03  8.84s 我們會用紙牌玩一場攻防戰，最後完成一張家
scene 01: 27.89s
  s02-01  9.51s 守城堡有三道防線。第一道是長密碼，就像又
  retry 1 (NoAudioReceived: No audio was received. Please verify that your parameters are correct.): 第二道是不重複，每一個帳號都用不...
  s02-02  7.95s 第二道是不重複，每一個帳號都用不同的密碼
  retry 1 (NoAudioReceived: No audio was received. Please verify that your parameters are correct.): 第三道是雙重驗證，就像城門後面的...
  s02-03  8.33s 第三道是雙重驗證，就像城門後面的第二道門
scene 02: 25.82s
  s03-01  9.65s 先說長密碼。專家提醒，密碼的長度比花樣更
  s03-02  9.15s 一個好方法，是把好幾個彼此沒有關係的詞接
  s03-03  9.12s 不要用生日、名字、電話，也不要用一二三四
scene 03: 27.96s
  retry 1 (NoAudioReceived: No audio was received. Please verify that your parameters are correct.): 密碼城堡有四個零件：長密碼是城牆...
  retry 2 (NoAudioReceived: No audio was received. Please verify that your parameters are correct.): 密碼城堡有四個零件：長密碼是城牆...
  s04-01  7.16s 密碼城堡有四個零件：長密碼是城牆，唯一密
  s04-02  8.09s 密碼管理器是鑰匙保管箱，幫你記住所有的鑰
  s04-03  6.29s 四個零件各自擋住不同的攻擊，一起用，城堡
scene 04: 21.58s
  s05-01  9.60s 為什麼不能重複用同一組密碼？因為網站有時
  s05-02  7.04s 壞人會拿這些外洩的帳號密碼，到別的網站一
  s05-03  7.68s 如果你每個帳號的密碼都不一樣，就算其中一
scene 05: 24.36s
  s06-01  9.75s 可是，這麼多又長又不一樣的密碼，誰記得住
  s06-02  7.83s 它可以幫你產生又長又難猜的密碼，替每一個
  s06-03  7.54s 新版的 Mac 就內建一個叫做密碼的 A
scene 06: 25.15s
  s07-01  9.75s 再來是雙重驗證。登入的時候，除了密碼，還
  s07-02  9.48s 第二關有好幾種：驗證碼、手機上的驗證 A
  s07-03  9.27s 最重要的規定：驗證碼不可以給任何人，不管
scene 07: 28.54s
  retry 1 (NoAudioReceived: No audio was received. Please verify that your parameters are correct.): 現在用紙牌來演一場攻防戰。一個人...
  s08-01 10.11s 現在用紙牌來演一場攻防戰。一個人當守城的
  s08-02  8.24s 攻擊方會拿到一張外洩名單，上面有其中一個
  s08-03  7.97s 記得，我們只用紙牌和假的帳號來玩，任何時
scene 08: 26.35s
  s09-01  8.28s 第一回合，守城的人三個帳號都用同一組牌，
  s09-02  8.48s 第二回合，每個帳號換成不同的牌，再替最重
  s09-03  7.66s 把兩回合被攻破的帳號數量記下來，比一比差
scene 09: 24.46s
  s10-01 11.26s 下半場換你盤點，完成家庭帳號安全清單：先
  retry 1 (NoAudioReceived: No audio was received. Please verify that your parameters are correct.): 每個帳號檢查三件事：密碼夠不夠長...
  s10-02 10.11s 每個帳號檢查三件事：密碼夠不夠長？有沒有
  retry 1 (NoAudioReceived: No audio was received. Please verify that your parameters are correct.): 再加一條你自己的城堡規則，例如申...
  retry 2 (NoAudioReceived: No audio was received. Please verify that your parameters are correct.): 再加一條你自己的城堡規則，例如申...
  s10-03  8.12s 再加一條你自己的城堡規則，例如申請新帳號
scene 10: 29.52s
  retry 1 (NoAudioReceived: No audio was received. Please verify that your parameters are correct.): 這堂課的兩小時這樣走：開場十分鐘...
  s11-01  9.65s 這堂課的兩小時這樣走：開場十分鐘，認識城
  s11-02  9.77s 休息之後，用三十分鐘完成安全清單和自己的
  s11-03  8.21s 最後五分鐘錄音總結，替清單取名字並存檔，
scene 11: 27.67s
  s12-01  9.72s 最後一關，請不看稿，向爸爸說出城堡的四個
  s12-02  9.41s 再指出一個限制或安全注意事項，例如開了雙
  s12-03 11.16s 今天的作品是家庭帳號安全清單，下次我們要
scene 12: 30.34s
Synthesized 12 scenes (319.63s).
