Academy editorial structure valid (not visual acceptance)
  s01-01 13.06s 歡迎回到父子科技學院，我是陳犀牛，今天是
  retry 1 (ConnectionTimeoutError: Connection timeout to host wss://speech.platform.bing.com/consumer/speech/synthesize/readaloud/edge/v1?TrustedClientToken=6A5AA1D4EAFF4E9FB37E23D68491D6F4&ConnectionId=2ce184d5a68541f7b66f8561ec164c31&Sec-MS-GEC=F268D8B888ADEA3FA3815FABA680AFE55974AB448B3BB088456DF0D213E39000&Sec-MS-GEC-Version=1-143.0.3650.75): 生成式 AI，不只會寫字，還能照...
  s01-02  6.51s 生成式 AI，不只會寫字，還能照著你的描
  s01-03  5.57s 今天你要替一個自己發明的角色，完成一張多
scene 01: 25.18s
  s02-01  6.96s 每一站都做三件事。第一，看輸入：你給它的
  s02-02  4.23s 第二，看輸出：它交出來的是什麼。
  s02-03  6.36s 第三，做檢查：哪裡和你說的不一樣，還有什
scene 02: 17.59s
  s03-01  8.67s 多模態的意思，是不只一種形式。文字站，輸
  s03-02  9.20s 圖片站，輸入一段描述，輸出是一張圖；聲音
  s03-03  8.00s 三站的做法很像，都是從大量的資料裡學到規
scene 03: 25.90s
  s04-01  9.00s 每一站都用四個格子來比較。輸入，是你給它
  s04-02  7.52s 限制，是它做不好的地方，例如圖片裡的字可
  s04-03  6.44s 風險，是可能傷害到人的地方，例如有人拿它
scene 04: 22.99s
  s05-01  9.22s 來看圖片站。你描述一隻戴紅帽子的小犀牛，
  retry 1 (ConnectionTimeoutError: Connection timeout to host wss://speech.platform.bing.com/consumer/speech/synthesize/readaloud/edge/v1?TrustedClientToken=6A5AA1D4EAFF4E9FB37E23D68491D6F4&ConnectionId=489e6723bbda4c08a319c801823d48c0&Sec-MS-GEC=F268D8B888ADEA3FA3815FABA680AFE55974AB448B3BB088456DF0D213E39000&Sec-MS-GEC-Version=1-143.0.3650.75): 可是圖片可能和你說的不一樣：帽子...
  s05-02  9.03s 可是圖片可能和你說的不一樣：帽子的顏色、
  s05-03  9.10s 還有兩件事不能做：不要上傳自己或別人的照
scene 05: 27.38s
  s06-01 11.19s 再來看聲音站。文字轉語音，是電腦照著文字
  s06-02  6.10s 還有一種技術，可以模仿某一個人的聲音，聽
  s06-03  9.00s 所以聲音站的規定是：只能用電腦內建的聲音
scene 06: 26.33s
  retry 1 (ConnectionTimeoutError: Connection timeout to host wss://speech.platform.bing.com/consumer/speech/synthesize/readaloud/edge/v1?TrustedClientToken=6A5AA1D4EAFF4E9FB37E23D68491D6F4&ConnectionId=7f4087854b864cc181e1f0c60c071e93&Sec-MS-GEC=F268D8B888ADEA3FA3815FABA680AFE55974AB448B3BB088456DF0D213E39000&Sec-MS-GEC-Version=1-143.0.3650.75): 因為聲音和影像都能合成，所以聽到...
  retry 2 (ConnectionTimeoutError: Connection timeout to host wss://speech.platform.bing.com/consumer/speech/synthesize/readaloud/edge/v1?TrustedClientToken=6A5AA1D4EAFF4E9FB37E23D68491D6F4&ConnectionId=0c0f9b78940d40d6b1b05940c344e098&Sec-MS-GEC=F268D8B888ADEA3FA3815FABA680AFE55974AB448B3BB088456DF0D213E39000&Sec-MS-GEC-Version=1-143.0.3650.75): 因為聲音和影像都能合成，所以聽到...
  s07-01  6.56s 因為聲音和影像都能合成，所以聽到的、看到
  s07-02  7.85s 警察提醒過，有詐騙集團利用 AI，模仿親
  s07-03  8.40s 遇到這種電話，先掛斷，再打你原本就知道的
scene 07: 22.85s
  s08-01  9.60s 用這些工具，有三個約定。第一，不上傳：自
  s08-02  7.01s 第二，要同意：不可以拿別人的臉和聲音來做
  s08-03  9.92s 第三，要標示：哪些是你自己做的，哪些是 
scene 08: 26.57s
  s09-01 10.61s 現在開始尋寶。三個體驗站各藏著三個寶藏：
  s09-02  7.71s 接著玩找不一樣：把你的描述和做出來的結果
  s09-03  9.46s 這三站都不需要你自己的帳號：文字可以請爸
scene 09: 27.82s
  s10-01 11.52s 下半場，替你發明的角色做一張多模態角色卡
  s10-02  8.14s 再做一張概念圖，可以自己畫，也可以請爸爸
  s10-03  9.63s 最後寫一段大約二十秒的旁白，自己錄一次，
scene 10: 29.33s
  s11-01  9.70s 這兩個小時的安排是：開場十分鐘，認識三個
  s11-02  7.92s 下半場三十分鐘完成角色卡，再用十分鐘交換
  s11-03  8.50s 最後五分鐘錄音總結，替角色卡取名字、存檔
scene 11: 26.16s
  s12-01  8.09s 最後一關，請不看稿，選兩個體驗站，說出它
  s12-02  8.07s 再指出一個限制或安全注意事項，例如聲音可
  s12-03  9.41s 今天的作品是多模態角色卡，下次我們要一起
scene 12: 25.61s
Synthesized 12 scenes (303.70s).
Academy editorial structure valid (not visual acceptance)
  s01-01 13.06s 歡迎回到父子科技學院，我是陳犀牛，今天是
  s01-02  6.51s 生成式 AI，不只會寫字，還能照著你的描
  s01-03  5.57s 今天你要替一個自己發明的角色，完成一張多
scene 01: 25.18s
  s02-01  6.96s 每一站都做三件事。第一，看輸入：你給它的
  s02-02  4.23s 第二，看輸出：它交出來的是什麼。
  s02-03  6.36s 第三，做檢查：哪裡和你說的不一樣，還有什
scene 02: 17.59s
  s03-01  8.67s 多模態的意思，是不只一種形式。文字站，輸
  s03-02  9.20s 圖片站，輸入一段描述，輸出是一張圖；聲音
  s03-03  8.00s 三站的做法很像，都是從大量的資料裡學到規
scene 03: 25.90s
  s04-01  9.00s 每一站都用四個格子來比較。輸入，是你給它
  s04-02  7.52s 限制，是它做不好的地方，例如圖片裡的字可
  s04-03  6.44s 風險，是可能傷害到人的地方，例如有人拿它
scene 04: 22.99s
  s05-01  9.22s 來看圖片站。你描述一隻戴紅帽子的小犀牛，
  s05-02  9.03s 可是圖片可能和你說的不一樣：帽子的顏色、
  s05-03  9.10s 還有兩件事不能做：不要上傳自己或別人的照
scene 05: 27.38s
  s06-01 11.19s 再來看聲音站。文字轉語音，是電腦照著文字
  s06-02  6.10s 還有一種技術，可以模仿某一個人的聲音，聽
  s06-03  9.00s 所以聲音站的規定是：只能用電腦內建的聲音
scene 06: 26.33s
  s07-01  6.56s 因為聲音和影像都能合成，所以聽到的、看到
  s07-02  7.85s 警察提醒過，有詐騙集團利用 AI，模仿親
  s07-03  8.40s 遇到這種電話，先掛斷，再打你原本就知道的
scene 07: 22.85s
  s08-01  9.60s 用這些工具，有三個約定。第一，不上傳：自
  s08-02  7.01s 第二，要同意：不可以拿別人的臉和聲音來做
  s08-03  9.92s 第三，要標示：哪些是你自己做的，哪些是 
scene 08: 26.57s
  s09-01 12.82s 現在開始尋寶。先發明一個角色，再和爸爸一
  s09-02 11.50s 每一站都藏著三個寶藏：輸入、輸出，還有一
  s09-03  9.46s 這三站都不需要你自己的帳號：文字可以請爸
scene 09: 33.82s
  s10-01  9.87s 下半場換你自己來，把三站做出來的東西，組
  s10-02  9.75s 在卡片上標示，每一樣東西是誰做的：是你、
  s10-03  8.07s 再加一個你自選的規則或功能，例如旁白自己
scene 10: 27.72s
  s11-01 10.23s 這兩個小時的安排是：開場十分鐘，認識三個
  s11-02 10.49s 下半場三十分鐘，自己完成角色卡，再加一個
  s11-03  8.50s 最後五分鐘錄音總結，替角色卡取名字、存檔
scene 11: 29.26s
  s12-01  8.09s 最後一關，請不看稿，選兩個體驗站，說出它
  s12-02  8.07s 再指出一個限制或安全注意事項，例如聲音可
  s12-03  9.41s 今天的作品是多模態角色卡，下次我們要一起
scene 12: 25.61s
Synthesized 12 scenes (311.18s).
Academy editorial structure valid (not visual acceptance)
  s01-01 13.06s 歡迎回到父子科技學院，我是陳犀牛，今天是
  s01-02  6.51s 生成式 AI，不只會寫字，還能照著你的描
  s01-03  5.57s 今天你要替一個自己發明的角色，完成一張多
scene 01: 25.18s
  s02-01  6.96s 每一站都做三件事。第一，看輸入：你給它的
  s02-02  4.23s 第二，看輸出：它交出來的是什麼。
  s02-03  6.36s 第三，做檢查：哪裡和你說的不一樣，還有什
scene 02: 17.59s
  s03-01  8.67s 多模態的意思，是不只一種形式。文字站，輸
  s03-02  9.20s 圖片站，輸入一段描述，輸出是一張圖；聲音
  s03-03  8.00s 三站的做法很像，都是從大量的資料裡學到規
scene 03: 25.90s
  s04-01  9.00s 每一站都用四個格子來比較。輸入，是你給它
  s04-02  7.52s 限制，是它做不好的地方，例如圖片裡的字可
  s04-03  6.44s 風險，是可能傷害到人的地方，例如有人拿它
scene 04: 22.99s
  s05-01  9.22s 來看圖片站。你描述一隻戴紅帽子的小犀牛，
  s05-02  9.03s 可是圖片可能和你說的不一樣：帽子的顏色、
  s05-03  9.10s 還有兩件事不能做：不要上傳自己或別人的照
scene 05: 27.38s
  s06-01 11.19s 再來看聲音站。文字轉語音，是電腦照著文字
  s06-02  6.10s 還有一種技術，可以模仿某一個人的聲音，聽
  s06-03  9.00s 所以聲音站的規定是：只能用電腦內建的聲音
scene 06: 26.33s
  s07-01  6.56s 因為聲音和影像都能合成，所以聽到的、看到
  s07-02  7.85s 警察提醒過，有詐騙集團利用 AI，模仿親
  s07-03  8.40s 遇到這種電話，先掛斷，再打你原本就知道的
scene 07: 22.85s
  s08-01  9.60s 用這些工具，有三個約定。第一，不上傳：自
  s08-02  7.01s 第二，要同意：不可以拿別人的臉和聲音來做
  s08-03  9.92s 第三，要標示：哪些是你自己做的，哪些是 
scene 08: 26.57s
  s09-01 12.82s 現在開始尋寶。先發明一個角色，再和爸爸一
  s09-02 11.50s 每一站都藏著三個寶藏：輸入、輸出，還有一
  s09-03  9.46s 這三站都不需要你自己的帳號：文字可以請爸
scene 09: 33.82s
  s10-01  9.87s 下半場換你自己來，把三站做出來的東西，組
  s10-02  9.75s 在卡片上標示，每一樣東西是誰做的：是你、
  s10-03  8.07s 再加一個你自選的規則或功能，例如旁白自己
scene 10: 27.72s
  s11-01 10.23s 這兩個小時的安排是：開場十分鐘，認識三個
  s11-02 10.49s 下半場三十分鐘，自己完成角色卡，再加一個
  s11-03  8.50s 最後五分鐘錄音總結，替角色卡取名字、存檔
scene 11: 29.26s
  s12-01  8.09s 最後一關，請不看稿，選兩個體驗站，說出它
  s12-02  8.07s 再指出一個限制或安全注意事項，例如聲音可
  s12-03  9.41s 今天的作品是多模態角色卡，下次我們要一起
scene 12: 25.61s
Synthesized 12 scenes (311.18s).
Academy editorial structure valid (not visual acceptance)
  s01-01 13.06s 歡迎回到父子科技學院，我是陳犀牛，今天是
  s01-02  6.51s 生成式 AI，不只會寫字，還能照著你的描
  s01-03  5.57s 今天你要替一個自己發明的角色，完成一張多
scene 01: 25.18s
  s02-01  6.96s 每一站都做三件事。第一，看輸入：你給它的
  s02-02  4.23s 第二，看輸出：它交出來的是什麼。
  s02-03  6.36s 第三，做檢查：哪裡和你說的不一樣，還有什
scene 02: 17.59s
  s03-01  8.67s 多模態的意思，是不只一種形式。文字站，輸
  s03-02  9.20s 圖片站，輸入一段描述，輸出是一張圖；聲音
  s03-03  8.00s 三站的做法很像，都是從大量的資料裡學到規
scene 03: 25.90s
  s04-01  9.00s 每一站都用四個格子來比較。輸入，是你給它
  s04-02  7.52s 限制，是它做不好的地方，例如圖片裡的字可
  s04-03  6.44s 風險，是可能傷害到人的地方，例如有人拿它
scene 04: 22.99s
  s05-01  9.22s 來看圖片站。你描述一隻戴紅帽子的小犀牛，
  s05-02  9.03s 可是圖片可能和你說的不一樣：帽子的顏色、
  s05-03  9.10s 還有兩件事不能做：不要上傳自己或別人的照
scene 05: 27.38s
  s06-01 11.19s 再來看聲音站。文字轉語音，是電腦照著文字
  s06-02  6.10s 還有一種技術，可以模仿某一個人的聲音，聽
  s06-03  9.00s 所以聲音站的規定是：只能用電腦內建的聲音
scene 06: 26.33s
  s07-01  6.56s 因為聲音和影像都能合成，所以聽到的、看到
  s07-02  7.85s 警察提醒過，有詐騙集團利用 AI，模仿親
  s07-03  8.40s 遇到這種電話，先掛斷，再打你原本就知道的
scene 07: 22.85s
  s08-01  9.60s 用這些工具，有三個約定。第一，不上傳：自
  s08-02  7.01s 第二，要同意：不可以拿別人的臉和聲音來做
  s08-03  9.84s 第三，要標示：哪些是你自己做的，哪些是 
scene 08: 26.50s
  s09-01 12.82s 現在開始尋寶。先發明一個角色，再和爸爸一
  s09-02 11.50s 每一站都藏著三個寶藏：輸入、輸出，還有一
  s09-03  9.46s 這三站都不需要你自己的帳號：文字可以請爸
scene 09: 33.82s
  s10-01  9.87s 下半場換你自己來，把三站做出來的東西，組
  s10-02  9.75s 在卡片上標示，每一樣東西是誰做的：是你、
  s10-03  8.07s 再加一個你自選的規則或功能，例如旁白自己
scene 10: 27.72s
  s11-01 10.23s 這兩個小時的安排是：開場十分鐘，認識三個
  s11-02 10.49s 下半場三十分鐘，自己完成角色卡，再加一個
  s11-03  8.50s 最後五分鐘錄音總結，替角色卡取名字、存檔
scene 11: 29.26s
  s12-01  8.09s 最後一關，請不看稿，挑兩個體驗站，說出它
  s12-02  8.07s 再指出一個限制或安全注意事項，例如聲音可
  s12-03  9.41s 今天的作品是多模態角色卡，下次我們要一起
scene 12: 25.61s
Synthesized 12 scenes (311.11s).
